Dropped Escape call with ulEscapeCode : 0x03007703
Waiting for the creation of outpipe
+++++++ Sending to the client +++++++
53.555810 -113.581467
53.471292 -113.402252
+++++ Receiving from the client +++++
53.55585 -113.58133
53.55585 -113.58111
53.55585 -113.57983
53.55412 -113.57982
53.55412 -113.57894
53.55411 -113.57816
53.55355 -113.57815
53.55257 -113.57814
53.55141 -113.57813
53.55111 -113.57812
53.55101 -113.57812
53.55101 -113.57798
53.55101 -113.57714
53.55101 -113.57642
53.55103 -113.56920
53.55038 -113.56917
53.54953 -113.56916
53.54859 -113.56915
53.54860 -113.56745
53.54860 -113.56577
53.54776 -113.56577
53.54777 -113.56299
53.54777 -113.56134
53.54777 -113.55965
53.54777 -113.55798
53.54777 -113.55629
53.54777 -113.55461
53.54777 -113.55290
53.54777 -113.55123
53.54777 -113.54954
53.54672 -113.54953
53.54619 -113.54953
53.54618 -113.54786
53.54566 -113.54786
53.54488 -113.54742
53.54470 -113.54709
53.54462 -113.54677
53.54460 -113.54571
53.54459 -113.54399
53.54457 -113.54352
53.54450 -113.54320
53.54376 -113.54166
53.54367 -113.54152
53.54339 -113.54138
53.54309 -113.54129
53.54301 -113.54127
53.54301 -113.54108
53.54302 -113.53935
53.54301 -113.53919
53.54301 -113.53761
53.54300 -113.53587
53.54298 -113.53405
53.54297 -113.53229
53.54297 -113.53081
53.54295 -113.52859
53.54295 -113.52673
53.54295 -113.52491
53.54089 -113.52489
53.54089 -113.52313
53.54089 -113.52126
53.54088 -113.51942
53.53882 -113.51942
53.53881 -113.51763
53.53880 -113.51572
53.53880 -113.51395
53.53880 -113.51205
53.53879 -113.51022
53.53879 -113.50921
53.53879 -113.50909
53.53879 -113.50841
53.53880 -113.50654
53.53723 -113.50653
53.53721 -113.50473
53.53720 -113.50286
53.53561 -113.50280
53.53507 -113.50282
53.53404 -113.50285
53.53390 -113.50285
53.53387 -113.50102
53.53387 -113.49921
53.53386 -113.49884
53.53387 -113.49735
53.53387 -113.49549
53.53395 -113.49466
53.53410 -113.49401
53.53417 -113.49380
53.53426 -113.49349
53.53465 -113.49254
53.53493 -113.49171
53.53521 -113.49060
53.53554 -113.48917
53.53577 -113.48765
53.53593 -113.48615
53.53596 -113.48587
53.53604 -113.48425
53.53601 -113.48346
53.53591 -113.48264
53.53579 -113.48215
53.53556 -113.48176
53.53531 -113.48163
53.53512 -113.48163
53.53494 -113.48170
53.53448 -113.48208
53.53417 -113.48238
53.53394 -113.48252
53.53383 -113.48257
53.53374 -113.48259
53.53364 -113.48257
53.53354 -113.48254
53.53343 -113.48248
53.53334 -113.48239
53.53327 -113.48229
53.53319 -113.48217
53.53310 -113.48199
53.53302 -113.48180
53.53296 -113.48160
53.53288 -113.48092
53.53285 -113.48031
53.53285 -113.47940
53.53287 -113.47916
53.53291 -113.47884
53.53301 -113.47833
53.53307 -113.47751
53.53308 -113.47704
53.53300 -113.47559
53.53267 -113.47400
53.53229 -113.47292
53.53168 -113.47154
53.53151 -113.47120
53.53101 -113.47013
53.53053 -113.46928
53.52997 -113.46828
53.52947 -113.46723
53.52932 -113.46688
53.52866 -113.46532
53.52835 -113.46459
53.52792 -113.46377
53.52750 -113.46297
53.52713 -113.46227
53.52671 -113.46147
53.52545 -113.45922
53.52530 -113.45899
53.52504 -113.45853
53.52487 -113.45827
53.52482 -113.45824
53.52477 -113.45821
53.52469 -113.45807
53.52463 -113.45789
53.52463 -113.45780
53.52462 -113.45766
53.52462 -113.45732
53.52457 -113.45710
53.52453 -113.45700
53.52448 -113.45687
53.52440 -113.45677
53.52429 -113.45661
53.52279 -113.45515
53.52262 -113.45510
53.52209 -113.45507
53.51998 -113.45507
53.51997 -113.45379
53.51901 -113.45376
53.51897 -113.45366
53.51896 -113.45203
53.51896 -113.44900
53.51802 -113.44900
53.51793 -113.44900
53.51785 -113.44900
53.51698 -113.44899
53.51602 -113.44899
53.51507 -113.44899
53.51412 -113.44898
53.51318 -113.44898
53.51221 -113.44898
53.51221 -113.44773
53.51221 -113.44327
53.51221 -113.44300
53.50883 -113.44291
53.50835 -113.44291
53.50811 -113.44289
53.50774 -113.44289
53.50771 -113.44288
53.50578 -113.44282
53.50502 -113.44279
53.50502 -113.44261
53.50503 -113.43650
53.50504 -113.43049
53.50504 -113.43027
53.50502 -113.42987
53.50499 -113.42944
53.50483 -113.42781
53.50483 -113.42743
53.50482 -113.42697
53.50482 -113.42557
53.50225 -113.42555
53.50226 -113.41833
53.50062 -113.41825
53.49946 -113.41826
53.49911 -113.41824
53.49616 -113.41820
53.49556 -113.41820
53.49543 -113.41820
53.49496 -113.41820
53.49414 -113.41827
53.49297 -113.41827
53.49187 -113.41823
53.48953 -113.41830
53.48920 -113.41829
53.48841 -113.41830
53.48774 -113.41832
53.48764 -113.41832
53.48758 -113.41832
53.48688 -113.41832
53.48665 -113.41832
53.48612 -113.41832
53.48508 -113.41831
53.48472 -113.41831
53.48368 -113.41832
53.48190 -113.41833
53.48191 -113.41801
53.48186 -113.41764
53.48188 -113.41669
53.48189 -113.41566
53.48194 -113.41547
53.48196 -113.41450
53.48199 -113.41325
53.48200 -113.41253
53.48200 -113.41222
53.48199 -113.41197
53.48195 -113.41162
53.48192 -113.41142
53.48186 -113.41121
53.48177 -113.41089
53.48163 -113.41057
53.48153 -113.41037
53.48141 -113.41017
53.48125 -113.40997
53.48109 -113.40982
53.48082 -113.40963
53.48043 -113.40947
53.47946 -113.40946
53.47879 -113.40944
53.47846 -113.40937
53.47818 -113.40926
53.47779 -113.40899
53.47743 -113.40864
53.47709 -113.40818
53.47664 -113.40751
53.47639 -113.40720
53.47613 -113.40695
53.47580 -113.40677
53.47539 -113.40674
53.47424 -113.40676
53.47379 -113.40672
53.47354 -113.40666
53.47330 -113.40654
53.47310 -113.40633
53.47286 -113.40598
53.47224 -113.40513
53.47164 -113.40431
53.47154 -113.40418
53.47117 -113.40360
53.47164 -113.40279
53.47199 -113.40211
E
+++++++++++++++ Done! +++++++++++++++
+++++++ Sending to the client +++++++
53.575385 -113.427658
53.471700 -113.571854
+++++ Receiving from the client +++++
53.57502 -113.42757
53.57502 -113.42909
53.57347 -113.42910
53.57183 -113.42910
53.57031 -113.42914
53.56874 -113.42915
53.56687 -113.42913
53.56656 -113.43044
53.56620 -113.43192
53.56585 -113.43339
53.56550 -113.43482
53.56513 -113.43638
53.56479 -113.43781
53.56445 -113.43921
53.56410 -113.44065
53.56394 -113.44134
53.56383 -113.44210
53.56367 -113.44280
53.56349 -113.44355
53.56338 -113.44427
53.56322 -113.44499
53.56319 -113.44511
53.56306 -113.44579
53.56299 -113.44608
53.56282 -113.44698
53.56276 -113.44725
53.56271 -113.44752
53.56265 -113.44780
53.56255 -113.44822
53.56242 -113.44890
53.56199 -113.45052
53.56183 -113.45149
53.56135 -113.45441
53.56115 -113.45562
53.56115 -113.45699
53.56115 -113.46153
53.56115 -113.46248
53.56115 -113.46395
53.56116 -113.46498
53.56116 -113.46562
53.56116 -113.46722
53.56040 -113.46721
53.55952 -113.46722
53.55942 -113.46722
53.55901 -113.46724
53.55803 -113.46725
53.55705 -113.46728
53.55685 -113.46733
53.55676 -113.46744
53.55632 -113.46845
53.55577 -113.46960
53.55537 -113.47048
53.55518 -113.47081
53.55451 -113.47165
53.55402 -113.47219
53.55367 -113.47239
53.55156 -113.47309
53.55105 -113.47342
53.54959 -113.47451
53.54879 -113.47509
53.54849 -113.47528
53.54814 -113.47554
53.54741 -113.47632
53.54703 -113.47675
53.54647 -113.47734
53.54611 -113.47923
53.54548 -113.48289
53.54486 -113.48653
53.54447 -113.48909
53.54436 -113.49087
53.54419 -113.49368
53.54312 -113.49370
53.54304 -113.49543
53.54295 -113.49731
53.54295 -113.49916
53.54293 -113.50106
53.54091 -113.50105
53.54090 -113.50285
53.54089 -113.50469
53.53882 -113.50472
53.53880 -113.50654
53.53879 -113.50841
53.53721 -113.50843
53.53683 -113.50844
53.53632 -113.50847
53.53599 -113.50849
53.53550 -113.50851
53.53512 -113.50853
53.53419 -113.50868
53.53396 -113.50879
53.53374 -113.50886
53.53282 -113.50910
53.53270 -113.50915
53.53265 -113.50923
53.53257 -113.50936
53.53251 -113.50947
53.53241 -113.50955
53.53096 -113.51041
53.53019 -113.51087
53.52944 -113.51133
53.52684 -113.51297
53.52676 -113.51297
53.52663 -113.51296
53.52652 -113.51294
53.52643 -113.51292
53.52635 -113.51293
53.52625 -113.51297
53.52609 -113.51301
53.52600 -113.51304
53.52589 -113.51306
53.52579 -113.51307
53.52568 -113.51308
53.52551 -113.51303
53.52538 -113.51299
53.52528 -113.51293
53.52470 -113.51251
53.52436 -113.51215
53.52414 -113.51196
53.52385 -113.51194
53.52370 -113.51202
53.52284 -113.51201
53.52284 -113.51499
53.52191 -113.51496
53.52096 -113.51497
53.52095 -113.51497
53.52001 -113.51496
53.51912 -113.51496
53.51814 -113.51496
53.51806 -113.51495
53.51705 -113.51496
53.51611 -113.51495
53.51516 -113.51494
53.51454 -113.51494
53.51319 -113.51494
53.51222 -113.51493
53.51222 -113.51658
53.51127 -113.51659
53.51028 -113.51657
53.50939 -113.51657
53.50843 -113.51657
53.50843 -113.51987
53.50840 -113.52292
53.50829 -113.52370
53.50806 -113.52450
53.50799 -113.52495
53.50782 -113.52526
53.50756 -113.52553
53.50738 -113.52593
53.50732 -113.52637
53.50734 -113.52685
53.50739 -113.52737
53.50738 -113.52872
53.50731 -113.53040
53.50717 -113.53119
53.50703 -113.53163
53.50691 -113.53184
53.50679 -113.53204
53.50634 -113.53263
53.50565 -113.53346
53.50531 -113.53408
53.50506 -113.53472
53.50485 -113.53561
53.50471 -113.53633
53.50449 -113.53713
53.50438 -113.53761
53.50419 -113.53808
53.50395 -113.53868
53.50384 -113.53892
53.50333 -113.54002
53.50307 -113.54041
53.50291 -113.54059
53.50250 -113.54095
53.50205 -113.54110
53.50163 -113.54114
53.50049 -113.54119
53.50036 -113.54126
53.50003 -113.54126
53.49769 -113.54124
53.49150 -113.54123
53.48946 -113.54123
53.48836 -113.54122
53.48826 -113.54122
53.48565 -113.54126
53.48349 -113.54131
53.48345 -113.54219
53.48331 -113.54361
53.48305 -113.54574
53.48288 -113.54743
53.48269 -113.54949
53.48259 -113.55101
53.48254 -113.55264
53.48254 -113.55280
53.48254 -113.55671
53.48252 -113.56117
53.48244 -113.56913
53.48258 -113.57046
53.48295 -113.57142
53.48330 -113.57192
53.48351 -113.57200
53.48370 -113.57196
53.48391 -113.57170
53.48400 -113.57123
53.48385 -113.57070
53.48343 -113.57037
53.48272 -113.57025
53.48215 -113.57042
53.48161 -113.57081
53.47997 -113.57235
53.47829 -113.57398
53.47675 -113.57542
53.47663 -113.57465
53.47639 -113.57415
53.47635 -113.57411
53.47611 -113.57400
53.47578 -113.57297
53.47542 -113.57222
53.47506 -113.57161
53.47462 -113.57120
53.47415 -113.57105
53.47401 -113.57107
53.47386 -113.57108
53.47333 -113.57137
53.47271 -113.57188
53.47228 -113.57194
53.47138 -113.57168
E
+++++++++++++++ Done! +++++++++++++++
+++++++ Sending to the client +++++++
53.474561 -113.481216
53.596580 -113.516922
+++++ Receiving from the client +++++
53.47406 -113.48211
53.47644 -113.48211
53.47870 -113.48214
53.47870 -113.48609
53.47880 -113.48602
53.47937 -113.48602
53.47956 -113.48601
53.47961 -113.48601
53.48000 -113.48600
53.48014 -113.48599
53.48063 -113.48600
53.48076 -113.48600
53.48142 -113.48601
53.48168 -113.48602
53.48186 -113.48610
53.48312 -113.48606
53.48477 -113.48606
53.48596 -113.48610
53.48724 -113.48608
53.48741 -113.48599
53.48772 -113.48601
53.48795 -113.48602
53.48808 -113.48612
53.48860 -113.48609
53.48864 -113.48609
53.49030 -113.48600
53.49169 -113.48604
53.49573 -113.48608
53.49673 -113.48609
53.49699 -113.48609
53.49831 -113.48611
53.49975 -113.48613
53.49987 -113.48614
53.50053 -113.48615
53.50184 -113.48617
53.50281 -113.48618
53.50350 -113.48619
53.50381 -113.48618
53.50479 -113.48616
53.50523 -113.48615
53.50562 -113.48614
53.50656 -113.48617
53.50752 -113.48619
53.50846 -113.48609
53.50943 -113.48608
53.51036 -113.48607
53.51131 -113.48605
53.51224 -113.48604
53.51319 -113.48604
53.51413 -113.48604
53.51509 -113.48604
53.51604 -113.48605
53.51698 -113.48605
53.51798 -113.48605
53.51805 -113.48605
53.51900 -113.48607
53.51994 -113.48607
53.52085 -113.48607
53.52173 -113.48606
53.52265 -113.48608
53.52349 -113.48609
53.52444 -113.48609
53.52542 -113.48606
53.52586 -113.48607
53.52636 -113.48608
53.52726 -113.48603
53.52730 -113.48602
53.52819 -113.48529
53.52935 -113.48505
53.53006 -113.48528
53.53086 -113.48554
53.53103 -113.48553
53.53157 -113.48550
53.53206 -113.48527
53.53276 -113.48464
53.53294 -113.48460
53.53315 -113.48464
53.53337 -113.48477
53.53356 -113.48488
53.53369 -113.48530
53.53433 -113.48532
53.53500 -113.48532
53.53539 -113.48533
53.53551 -113.48542
53.53559 -113.48562
53.53561 -113.48591
53.53568 -113.48609
53.53581 -113.48609
53.53633 -113.48591
53.53647 -113.48578
53.53660 -113.48543
53.53665 -113.48531
53.53695 -113.48500
53.53728 -113.48491
53.53737 -113.48486
53.53742 -113.48497
53.53747 -113.48510
53.53844 -113.48800
53.53852 -113.48831
53.53853 -113.48842
53.53864 -113.48933
53.53863 -113.48983
53.53849 -113.49052
53.53841 -113.49081
53.53823 -113.49169
53.53780 -113.49276
53.53776 -113.49284
53.53754 -113.49333
53.53742 -113.49359
53.53732 -113.49378
53.53724 -113.49468
53.53723 -113.49558
53.53835 -113.49561
53.53852 -113.49548
53.53886 -113.49519
53.53917 -113.49475
53.53939 -113.49384
53.53952 -113.49371
53.54088 -113.49373
53.54203 -113.49371
53.54312 -113.49370
53.54419 -113.49368
53.54453 -113.49368
53.54530 -113.49367
53.54608 -113.49367
53.54774 -113.49367
53.54867 -113.49369
53.54924 -113.49370
53.54938 -113.49368
53.54982 -113.49372
53.55030 -113.49370
53.55043 -113.49370
53.55048 -113.49370
53.55084 -113.49368
53.55143 -113.49370
53.55224 -113.49366
53.55292 -113.49367
53.55445 -113.49362
53.55595 -113.49366
53.55674 -113.49364
53.55783 -113.49366
53.55886 -113.49368
53.56100 -113.49363
53.56266 -113.49367
53.56419 -113.49364
53.56571 -113.49363
53.56727 -113.49363
53.56875 -113.49361
53.56933 -113.49362
53.56980 -113.49363
53.56989 -113.49363
53.56999 -113.49363
53.57023 -113.49361
53.57032 -113.49330
53.57033 -113.49277
53.57035 -113.49203
53.57123 -113.49222
53.57128 -113.49222
53.57310 -113.49221
53.57346 -113.49221
53.57509 -113.49221
53.57527 -113.49221
53.57666 -113.49220
53.57825 -113.49220
53.57940 -113.49223
53.58028 -113.49223
53.58132 -113.49212
53.58161 -113.49207
53.58211 -113.49200
53.58224 -113.49199
53.58228 -113.49199
53.58267 -113.49200
53.58297 -113.49199
53.58401 -113.49198
53.58479 -113.49199
53.58595 -113.49203
53.58905 -113.49209
53.58958 -113.49208
53.59203 -113.49205
53.59204 -113.49367
53.59204 -113.49545
53.59204 -113.49722
53.59204 -113.49896
53.59213 -113.51355
53.59213 -113.51505
53.59213 -113.51656
53.59490 -113.51653
53.59706 -113.51656
53.59707 -113.51679
53.59706 -113.51691
E
+++++++++++++++ Done! +++++++++++++++
+++++++ Sending to the client +++++++
53.529289 -113.598633
53.531329 -113.420105
+++++ Receiving from the client +++++
53.52912 -113.59975
53.52911 -113.59732
53.52988 -113.59731
53.53032 -113.59730
53.53067 -113.59730
53.53106 -113.59730
53.53141 -113.59731
53.53152 -113.59731
53.53152 -113.59376
53.53151 -113.59198
53.53151 -113.59118
53.53151 -113.59063
53.53151 -113.59031
53.53151 -113.58856
53.53150 -113.58676
53.53150 -113.58502
53.53149 -113.57975
53.53148 -113.57790
53.53148 -113.57624
53.53148 -113.57456
53.53147 -113.57270
53.53147 -113.57102
53.53148 -113.56931
53.53234 -113.56931
53.53234 -113.56757
53.53240 -113.56743
53.53361 -113.56744
53.53361 -113.56553
53.53433 -113.56552
53.53577 -113.56551
53.53612 -113.56551
53.53755 -113.56550
53.53771 -113.56551
53.53804 -113.56553
53.53910 -113.56559
53.53947 -113.56560
53.53971 -113.56560
53.54038 -113.56562
53.54123 -113.56564
53.54123 -113.56300
53.54208 -113.56299
53.54208 -113.56236
53.54217 -113.56211
53.54282 -113.56207
53.54283 -113.56049
53.54283 -113.55797
53.54300 -113.55796
53.54302 -113.55796
53.54301 -113.55629
53.54302 -113.55539
53.54303 -113.55461
53.54305 -113.55292
53.54305 -113.55123
53.54305 -113.55030
53.54305 -113.54956
53.54303 -113.54857
53.54304 -113.54713
53.54303 -113.54572
53.54302 -113.54398
53.54302 -113.54199
53.54301 -113.54127
53.54301 -113.54108
53.54302 -113.53935
53.54301 -113.53919
53.54301 -113.53761
53.54300 -113.53587
53.54298 -113.53405
53.54297 -113.53229
53.54297 -113.53081
53.54295 -113.52859
53.54295 -113.52673
53.54295 -113.52491
53.54089 -113.52489
53.54089 -113.52313
53.54089 -113.52126
53.54088 -113.51942
53.53882 -113.51942
53.53881 -113.51763
53.53880 -113.51572
53.53880 -113.51395
53.53880 -113.51205
53.53879 -113.51022
53.53879 -113.50921
53.53879 -113.50909
53.53879 -113.50841
53.53880 -113.50654
53.53723 -113.50653
53.53721 -113.50473
53.53720 -113.50286
53.53561 -113.50280
53.53507 -113.50282
53.53404 -113.50285
53.53390 -113.50285
53.53387 -113.50102
53.53387 -113.49921
53.53386 -113.49884
53.53387 -113.49735
53.53387 -113.49549
53.53395 -113.49466
53.53410 -113.49401
53.53417 -113.49380
53.53426 -113.49349
53.53465 -113.49254
53.53493 -113.49171
53.53521 -113.49060
53.53554 -113.48917
53.53577 -113.48765
53.53593 -113.48615
53.53596 -113.48587
53.53604 -113.48425
53.53601 -113.48346
53.53591 -113.48264
53.53579 -113.48215
53.53556 -113.48176
53.53531 -113.48163
53.53512 -113.48163
53.53494 -113.48170
53.53448 -113.48208
53.53417 -113.48238
53.53394 -113.48252
53.53383 -113.48257
53.53374 -113.48259
53.53364 -113.48257
53.53354 -113.48254
53.53343 -113.48248
53.53334 -113.48239
53.53327 -113.48229
53.53319 -113.48217
53.53310 -113.48199
53.53302 -113.48180
53.53296 -113.48160
53.53288 -113.48092
53.53285 -113.48031
53.53285 -113.47940
53.53287 -113.47916
53.53291 -113.47884
53.53301 -113.47833
53.53307 -113.47751
53.53308 -113.47704
53.53300 -113.47559
53.53267 -113.47400
53.53229 -113.47292
53.53168 -113.47154
53.53151 -113.47120
53.53167 -113.47092
53.53168 -113.46995
53.53170 -113.46827
53.53170 -113.46692
53.53170 -113.46536
53.53170 -113.46382
53.53170 -113.46078
53.53171 -113.45921
53.53170 -113.45767
53.53170 -113.45745
53.53171 -113.45571
53.53172 -113.45417
53.53172 -113.45355
53.53175 -113.45325
53.53183 -113.45295
53.53258 -113.45077
53.53320 -113.44857
53.53354 -113.44683
53.53387 -113.44515
53.53391 -113.44491
53.53391 -113.44291
53.53225 -113.44296
53.53225 -113.44276
53.53224 -113.44232
53.53225 -113.44131
53.53224 -113.43983
53.53224 -113.43772
53.53231 -113.43720
53.53265 -113.43583
53.53298 -113.43438
53.53215 -113.43383
53.53293 -113.43049
53.53297 -113.43016
53.53297 -113.42703
53.53296 -113.42356
53.53297 -113.41991
53.53293 -113.41983
53.53287 -113.41980
53.53049 -113.41974
E
+++++++++++++++ Done! +++++++++++++++
Q
